⠀⠀⠀⠀⠀⠀⠀⢀⣀⣤⣴⣶⣶⣶⣶⣶⣤⣄⣀⠀⠀⠀⠀⠀⠀⠀
⠀⠀⠀⠀⢀⣠⣶⣿⣿⡿⠿⠛⠛⠛⠛⠻⠿⣿⣿⣿⣦⣀⠀⠀⠀⠀
⠀⠀⠀⣰⣿⣿⡿⠋⠁⠀⠀⠀⠀⠀⠀⠀⠀⠀⠉⠻⣿⣿⣷⡀⠀⠀
⠀⢀⣾⣿⡿⠋⠀⠀⠀⠀⠀⠀⠀⠀⠀⠀⠀⠀⠀⠀⠈⠻⣿⣿⣆⠀
⠀⣼⣿⡿⠁⠀⠀⠀⠀⠀⠀⠀⠀⠀⠀⠀⠀⠀⠀⠀⠀⠀⠹⣿⣿⡄
⢰⣿⣿⠃⠀⠀⠀⠀⠀⠀⠀⠀⠀⠀⠀⠀⠀⠀⠀⠀⠀⠀⠀⢻⣿⣷
⢸⣿⣿⠀⠀⠀⠀⠀⠀⠀⠀10.5⠀⠀⠀⠀⠀⠀⠀⠀⢸⣿⣿
⢸⣿⣿⡀⠀⠀⠀⠀⠀⠀⠀⠀⠀⠀⠀⠀⠀⠀⠀⠀⠀⠀⠀⣸⣿⣿
⠀⢿⣿⣧⠀⠀⠀⠀⠀⠀⠀⠀⠀⠀⠀⠀⠀⠀⠀⠀⠀⠀⢠⣿⣿⠇
⠀⠘⢿⣿⣧⡀⠀⠀⠀⠀⠀⠀⠀⠀⠀⠀⠀⠀⠀⠀⠀⣠⣿⣿⠟⠀
⠀⠀⠈⢻⣿⣿⣦⡀⠀⠀⠀⠀⠀⠀⠀⠀⠀⠀⠀⣠⣾⣿⣿⠋⠀⠀
⠀⠀⠀⠀⠙⠻⣿⣿⣷⣦⣤⣀⣀⣀⣀⣠⣤⣶⣿⣿⡿⠛⠁⠀⠀⠀
⠀⠀⠀⠀⠀⠀⠀⠙⠛⠿⢿⣿⣿⣿⣿⣿⠿⠟⠛⠁⠀⠀⠀⠀⠀⠀
          STRAIN          
