⠀⠀⠀⠀⠀⠀⠀⢀⣀⣤⣴⣶⣶⣶⣶⣶⣤⣄⣀⠀⠀⠀⠀⠀⠀⠀
⠀⠀⠀⠀⢀⣠⣶⣿⣿⡿⠿⠛⠛⠛⠛⠻⠿⣿⣿⣿⣦⣀⠀⠀⠀⠀
⠀⠀⠀⣰⣿⣿⡿⠋⠁⠀⠀⠀⠀⠀⠀⠀⠀⠀⠉⠻⣿⣿⣷⡀⠀⠀
⠀⢀⣾⣿⡿⠋⠀⠀⠀⠀⠀⠀⠀⠀⠀⠀⠀⠀⠀⠀⠈⠻⣿⣿⣆⠀
⠀⣼⣿⡿⠁⠀⠀⠀⠀⠀⠀⠀⠀⠀⠀⠀⠀⠀⠀⠀⠀⠀⠹⣿⣿⡄
⢰⣿⣿⠃⠀⠀⠀⠀⠀⠀⠀⠀⠀⠀⠀⠀⠀⠀⠀⠀⠀⠀⠀⢻⣿⣷
⢸⣿⣿⠀⠀⠀⠀⠀⠀⠀⠀0.0⠀⠀⠀⠀⠀⠀⠀⠀⠀⢸⣿⣿
⢸⣿⣿⡀⠀⠀⠀⠀⠀⠀⠀⠀⠀⠀⠀⠀⠀⠀⠀⠀⠀⠀⠀⣸⣿⣿
⠀⢿⣿⣧⠀⠀⠀⠀⠀⠀⠀⠀⠀⠀⠀⠀⠀⠀⠀⠀⠀⠀⢠⣿⣿⠇
⠀⠘⢿⣿⣧⡀⠀⠀⠀⠀⠀⠀⠀⠀⠀⠀⠀⠀⠀⠀⠀⣠⣿⣿⠟⠀
⠀⠀⠈⢻⣿⣿⣦⡀⠀⠀⠀⠀⠀⠀⠀⠀⠀⠀⠀⣠⣾⣿⣿⠋⠀⠀
⠀⠀⠀⠀⠙⠻⣿⣿⣷⣦⣤⣀⣀⣀⣀⣠⣤⣶⣿⣿⡿⠛⠁⠀⠀⠀
⠀⠀⠀⠀⠀⠀⠀⠙⠛⠿⢿⣿⣿⣿⣿⣿⠿⠟⠛⠁⠀⠀⠀⠀⠀⠀
          STRAIN          
