⠀⠀⠀⠀⠀⠀⠀⢀⣀⣤⣴⣶⣶⣶⣶⣶⣤⣄⣀⠀⠀⠀⠀⠀⠀⠀
⠀⠀⠀⠀⢀⣠⣶⣿⣿⡿⠿⠛⠛⠛⠛⠻⠿⣿⣿⣿⣦⣀⠀⠀⠀⠀
⠀⠀⠀⣰⣿⣿⡿⠋⠁⠀⠀⠀⠀⠀⠀⠀⠀⠀⠉⠻⣿⣿⣷⡀⠀⠀
⠀⢀⣾⣿⡿⠋⠀⠀⠀⠀⠀⠀⠀⠀⠀⠀⠀⠀⠀⠀⠈⠻⣿⣿⣆⠀
⠀⣼⣿⡿⠁⠀⠀⠀⠀⠀⠀⠀⠀⠀⠀⠀⠀⠀⠀⠀⠀⠀⠹⣿⣿⡄
⢰⣿⣿⠃⠀⠀⠀⠀⠀⠀⠀⠀⠀⠀⠀⠀⠀⠀⠀⠀⠀⠀⠀⢻⣿⣷
⢸⣿⣿⠀⠀⠀⠀⠀⠀⠀⠀21.0⠀⠀⠀⠀⠀⠀⠀⠀⢸⣿⣿
⢸⣿⣿⡀⠀⠀⠀⠀⠀⠀⠀⠀⠀⠀⠀⠀⠀⠀⠀⠀⠀⠀⠀⣸⣿⣿
⠀⢿⣿⣧⠀⠀⠀⠀⠀⠀⠀⠀⠀⠀⠀⠀⠀⠀⠀⠀⠀⠀⢠⣿⣿⠇
⠀⠘⢿⣿⣧⡀⠀⠀⠀⠀⠀⠀⠀⠀⠀⠀⠀⠀⠀⠀⠀⣠⣿⣿⠟⠀
⠀⠀⠈⢻⣿⣿⣦⡀⠀⠀⠀⠀⠀⠀⠀⠀⠀⠀⠀⣠⣾⣿⣿⠋⠀⠀
⠀⠀⠀⠀⠙⠻⣿⣿⣷⣦⣤⣀⣀⣀⣀⣠⣤⣶⣿⣿⡿⠛⠁⠀⠀⠀
⠀⠀⠀⠀⠀⠀⠀⠙⠛⠿⢿⣿⣿⣿⣿⣿⠿⠟⠛⠁⠀⠀⠀⠀⠀⠀
          STRAIN          
